R2 2 Result: 487/489 passed (6/6 doctests, 481/483 tests) 
R4 2 Result: 488/489 passed (6/6 doctests, 482/483 tests) WARNING
R1 2 Result: 488/489 passed (6/6 doctests, 482/483 tests) 
R3 2 Result: 487/489 passed (6/6 doctests, 481/483 tests) 
R5 2 Result: 488/489 passed (6/6 doctests, 482/483 tests) 
R8 2 Result: 488/489 passed (6/6 doctests, 482/483 tests) WARNING
R6 2 Result: 432/489 passed (6/6 doctests, 426/483 tests) WARNING
R7 2 Result: 487/489 passed (6/6 doctests, 481/483 tests) 
R10 2 Result: 488/489 passed (6/6 doctests, 482/483 tests) 
R9 2 Result: 488/489 passed (6/6 doctests, 482/483 tests) WARNING
R11 2 Result: 488/489 passed (6/6 doctests, 482/483 tests) 
R12 2 Result: 488/489 passed (6/6 doctests, 482/483 tests) 
R13 2 Result: 488/489 passed (6/6 doctests, 482/483 tests) WARNING
R14 2 Result: 488/489 passed (6/6 doctests, 482/483 tests) 
R15 2 Result: 488/489 passed (6/6 doctests, 482/483 tests) 
R16 2 Result: 488/489 passed (6/6 doctests, 482/483 tests) 
R17 2 Result: 487/489 passed (6/6 doctests, 481/483 tests) 
R18 2 Result: 488/489 passed (6/6 doctests, 482/483 tests) 
R19 2 Result: 486/489 passed (6/6 doctests, 480/483 tests) 
R20 2 Result: 487/489 passed (6/6 doctests, 481/483 tests) 
R21 2 Result: 488/489 passed (6/6 doctests, 482/483 tests) 
R22 2 Result: 487/489 passed (6/6 doctests, 481/483 tests) 
R23 2 Result: 487/489 passed (6/6 doctests, 481/483 tests) 
R24 2 Result: 486/489 passed (6/6 doctests, 480/483 tests) 
R25 2 Result: 487/489 passed (6/6 doctests, 481/483 tests) 
R26 2 Result: 488/489 passed (6/6 doctests, 482/483 tests) 
R27 2 Result: 488/489 passed (6/6 doctests, 482/483 tests) 
R28 2 Result: 488/489 passed (6/6 doctests, 482/483 tests) 
R29 2 Result: 487/489 passed (6/6 doctests, 481/483 tests) WARNING
R30 2 Result: 487/489 passed (6/6 doctests, 481/483 tests) WARNING
R31 2 Result: 447/489 passed (6/6 doctests, 441/483 tests) 
R32 2 Result: 487/489 passed (6/6 doctests, 481/483 tests) 
R33 2 Result: 486/489 passed (6/6 doctests, 480/483 tests) 
R34 2 Result: 487/489 passed (6/6 doctests, 481/483 tests) 
R36 2 Result: 488/489 passed (6/6 doctests, 482/483 tests) 
R35 2 Result: 487/489 passed (6/6 doctests, 481/483 tests) 
R37 2 Result: 482/489 passed (6/6 doctests, 476/483 tests) 
R38 2 Result: 470/489 passed (6/6 doctests, 464/483 tests) 
R40 2 Result: 488/489 passed (6/6 doctests, 482/483 tests) 
R39 2 Result: 479/489 passed (6/6 doctests, 473/483 tests) 
R41 2 Result: 487/489 passed (6/6 doctests, 481/483 tests) 
R42 2 Result: 483/489 passed (6/6 doctests, 477/483 tests) 
R44 2 Result: 488/489 passed (6/6 doctests, 482/483 tests) 
R43 2 Result: 488/489 passed (6/6 doctests, 482/483 tests) WARNING
R45 2 Result: 488/489 passed (6/6 doctests, 482/483 tests) 
R46 2 Result: 475/489 passed (6/6 doctests, 469/483 tests) 
R47 2 Result: 488/489 passed (6/6 doctests, 482/483 tests) 
R48 2 Result: 486/489 passed (6/6 doctests, 480/483 tests) WARNING
R49 2 Result: 487/489 passed (6/6 doctests, 481/483 tests) 
R50 2 Result: 488/489 passed (6/6 doctests, 482/483 tests) 
R52 2 Result: 486/489 passed (6/6 doctests, 480/483 tests) WARNING
R51 2 Result: 487/489 passed (6/6 doctests, 481/483 tests) WARNING
R53 2 Result: 487/489 passed (6/6 doctests, 481/483 tests) 
R54 2 Result: 486/489 passed (6/6 doctests, 480/483 tests) 
R55 2 Result: 487/489 passed (6/6 doctests, 481/483 tests) 
R56 2 Result: 487/489 passed (6/6 doctests, 481/483 tests) WARNING
R58 2 Result: 483/489 passed (6/6 doctests, 477/483 tests) 
R60 2 Result: 487/489 passed (6/6 doctests, 481/483 tests) 
R59 2 Result: 488/489 passed (6/6 doctests, 482/483 tests) 
R57 2 Result: 488/489 passed (6/6 doctests, 482/483 tests) 
R61 2 Result: 487/489 passed (6/6 doctests, 481/483 tests) 
R62 2 Result: 488/489 passed (6/6 doctests, 482/483 tests) 
R63 2 Result: 488/489 passed (6/6 doctests, 482/483 tests) 
R64 2 Result: 484/489 passed (6/6 doctests, 478/483 tests) WARNING
R65 2 Result: 487/489 passed (6/6 doctests, 481/483 tests) 
R67 2 Result: 484/489 passed (6/6 doctests, 478/483 tests) WARNING
R66 2 Result: 488/489 passed (6/6 doctests, 482/483 tests) 
R68 2 Result: 486/489 passed (6/6 doctests, 480/483 tests) 
R70 2 Result: 488/489 passed (6/6 doctests, 482/483 tests) 
R69 2 Result: 488/489 passed (6/6 doctests, 482/483 tests) WARNING
R71 2 Result: 488/489 passed (6/6 doctests, 482/483 tests) 
R72 2 Result: 488/489 passed (6/6 doctests, 482/483 tests) 

real	12m50.866s
user	22m16.004s
sys	2m32.892s
