S-synth mutation table: 101 mutants, final spike. compile = mix compile --warnings-as-errors exit; mix test = mix test --warnings-as-errors exit.

| Rule | Reverted alone | compile | mix test | Red in | First failing tests |
|---|---|---|---|---|---|
| NW-1 | new!/1 takes a keyword list | 0 | 2 | ConfigurationTest | nothing escapes an improper list, in any part or as the keyword list, is an ArgumentError; new!/1's own refusals a keyword list, and nothing else |
| NW-2 | new!/1: no unknown field, none given twice | 0 | 2 | ConfigurationTest | new!/1's own refusals a keyword list, and nothing else |
| NW-3 | new!/1 refuses an element from Elixir that brings a line | 0 | 2 | ConfigurationTest | new!/1's own refusals an element from Elixir has no line |
| NW-4 | new!/1 checks such an element without its line (one mistake, one message) | 0 | 2 | ConfigurationTest | new!/1's own refusals an element from Elixir has no line |
| CF-3c | new!/1: two programs of one name refused | 0 | 2 | ConfigurationTest | new!/1's own refusals programs: a list of named programs, each named once |
| CF-3d | new!/1: an unnamed program refused as unnamed | 0 | 2 | ConfigurationTest | new!/1's own refusals programs: a list of named programs, each named once |
| CF-1 | a name is a name | 0 | 2 | ConfigurationTest | names tasks, globals and program instances share one namespace, case-only twins refused, and a name is a name |
| CF-2 | one namespace: a name taken twice is refused | 0 | 2 | ConfigurationTest | lines and the file each problem is cited at its line, in its file, in line order; names, in a file the later line is refused, citing the earlier |
| CF-2b | the namespace is taken in line order | 0 | 2 | ConfigurationTest | names, in a file the later line is refused, citing the earlier |
| CF-2c | a case-only twin is refused | 0 | 2 | ConfigurationTest | names tasks, globals and program instances share one namespace, case-only twins refused, and a name is a name |
| CF-3a | a program is under its own name | 0 | 2 | ConfigurationTest | check/1 programs are a map of named programs, each under its own name |
| CF-3b | a program's name is a name | 0 | 2 | ConfigurationTest | check/1 programs are a map of named programs, each under its own name |
| CF-4 | a line is a positive integer or nil | 0 | 2 | ConfigurationTest | check/1 a line is a positive integer, or nil |
| CF-4b | each part is a proper list (fix F8) | 0 | 2 | ConfigurationTest | check/1 each field is a list of its element struct, a proper one; nothing escapes an improper list, in any part or as the keyword list, is an Argument… |
| CF-5 | an interval is 1..2147483647 | 0 | 2 | ConfigurationTest | nothing escapes start/1 refuses a configuration spoiled by hand, raising nothing else; new!/1's own refusals an element from Elixir has no line |
| CF-6 | a priority is 0..2147483647 | 0 | 2 | ConfigurationTest | tasks an interval is 1 to 2147483647 ms, and a priority 0 to 2147483647 |
| CF-7 | a global is a bool or a dint | 0 | 2 | ConfigurationTest | globals a bool or a dint, its initial value fitting it, never negative, and none on a located global |
| CF-8 | an initial value fits | 0 | 2 | ConfigurationTest | globals a bool or a dint, its initial value fitting it, never negative, and none on a located global |
| CF-9 | an initial value is not negative | 0 | 2 | ConfigurationTest | globals a bool or a dint, its initial value fitting it, never negative, and none on a located global |
| CF-10a | an input point takes no initial value | 0 | 2 | ConfigurationTest | globals a bool or a dint, its initial value fitting it, never negative, and none on a located global |
| CF-10b | an output point takes no initial value | 0 | 2 | ConfigurationTest | globals a bool or a dint, its initial value fitting it, never negative, and none on a located global |
| CF-11 | a location is <device>.i\|q.<address> | 0 | 2 | ConfigurationTest | globals location/1 reads a location's parts; globals a location is a device, i or q, and an address, and one address holds one global |
| CF-11b | an address field has no leading zero | 0 | 2 | ConfigurationTest | globals a location is a device, i or q, and an address, and one address holds one global; globals location/1 reads a location's parts |
| CF-12 | one address holds one global | 0 | 2 | ConfigurationTest | lines and the file each problem is cited at its line, in its file, in line order; globals a location is a device, i or q, and an address, and one addr… |
| CF-13 | an instance names a program | 0 | 2 | ConfigurationTest | connections name a var_input or var_output of a declared instance; nothing escapes start/1 refuses a configuration spoiled by hand, raising nothing el… |
| CF-14 | an instance's task is declared | 0 | 2 | ConfigurationTest | program instances name a program, and a task if any |
| CF-15 | a connection names a declared instance | 0 | 2 | ConfigurationTest | connections name a var_input or var_output of a declared instance; nothing escapes start/1 refuses a configuration spoiled by hand, raising nothing el… |
| CF-16 | a connection names a declared member | 0 | 2 | ConfigurationTest | connections name a var_input or var_output of a declared instance |
| CF-17 | only a var_input or var_output connects | 0 | 2 | ConfigurationTest | connections name a var_input or var_output of a declared instance |
| CF-18 | a var_input is connected once | 0 | 2 | ConfigurationTest | connections a var_input is connected once, to a global of its type or a constant that fits; lines and the file each problem is cited at its line, in i… |
| CF-19 | a var_input's global is of its type | 0 | 2 | ConfigurationTest | connections a var_input is connected once, to a global of its type or a constant that fits |
| CF-20 | a constant fits its var_input | 0 | 2 | ConfigurationTest | connections a var_input is connected once, to a global of its type or a constant that fits |
| CF-21 | a connection's instance and member are names | 0 | 2 | ConfigurationTest | connections name a var_input or var_output of a declared instance; nothing escapes check/1 and new!/1 give a diagnostic or an ArgumentError, never any… |
| CF-22 | a var_output drives no constant | 0 | 2 | ConfigurationTest | connections a var_output drives a global of its type, never an input point, and is the one connection that drives it |
| CF-23 | a var_output never drives an input point | 0 | 2 | ConfigurationTest | connections a var_output drives a global of its type, never an input point, and is the one connection that drives it; lines and the file each problem … |
| CF-24 | a var_output's global is of its type | 0 | 2 | ConfigurationTest | connections a var_output drives a global of its type, never an input point, and is the one connection that drives it |
| CF-25 | one connection drives a global | 0 | 2 | ConfigurationTest | connections a var_output drives a global of its type, never an input point, and is the one connection that drives it |
| CF-26 | every var_input is connected (decision 7) | 0 | 2 | ConfigurationTest | connections every var_input is connected (decision 7), cited at its instance; program instances name a program, and a task if any |
| CF-27 | at least one program instance | 0 | 2 | ConfigurationTest, RuntimeTest | a resource's host contract (M2-1) start/1 takes a configuration, checked again; program instances at least one |
| CF-28a | problems in line order | 0 | 2 | ConfigurationTest | lines and the file each problem is cited at its line, in its file, in line order |
| CF-28b | problems carry the configuration's file | 0 | 2 | ConfigurationTest | names, in a file the later line is refused, citing the earlier; lines and the file each problem is cited at its line, in its file, in line order |
| CF-28c | a problem's stage is :configure | 0 | 2 | ConfigurationTest | lines and the file each problem is cited at its line, in its file, in line order |
| CF-29a | a junk instance name is never offered as a did-you-mean | 0 | 2 | ConfigurationTest | nothing escapes check/1 and new!/1 give a diagnostic or an ArgumentError, never anything else; nothing escapes a global of a refused type, or an insta… |
| CF-29b | a var_input to a global of a refused type is not checked again | 0 | 2 | ConfigurationTest | nothing escapes start/1 refuses a configuration spoiled by hand, raising nothing else; nothing escapes a global of a refused type, or an instance of a… |
| CF-29c | a var_output to a global of a refused type is not checked again | 0 | 2 | ConfigurationTest | nothing escapes a global of a refused type, or an instance of a junk name, is reported once, and a junk name is never offered as a did-you-mean; nothi… |
| CF-30 | a configuration has a name | 0 | 2 | ConfigurationTest | check/1 a configuration has a name, and it is a name |
| CF-31 | a configuration's file is a name or nil | 0 | 2 | ConfigurationTest | nothing escapes start/1 refuses a configuration spoiled by hand, raising nothing else; check/1 a configuration's file is a name, or nil |
| RT-1 | start/1 checks the configuration again | 0 | 2 | ConfigurationTest, RuntimeTest | a resource's host contract (M2-1) start/1 takes a configuration, checked again; check/1 a configuration's file is a name, or nil |
| RT-2 | start/1 builds each instance as instance/1 (F14) | 0 | 2 | ApiContractTest, SchedulerTest | start/1 builds each instance as instance/1 does: its first scan is a first scan; a resource refuses every host mistake with a documented ArgumentError… |
| RT-3 | every task is due at start | 0 | 2 | ApiContractTest, EndToEndTest, RuntimeTest, SchedulerTest | due tasks and their order task-less instances run last, once in every cycle, an elapsed 0 one included, where a periodic task runs once per period; th… |
| CY-0 | the runtime is checked before elapsed_ms | 0 | 2 | RuntimeTest | a resource's host contract (M2-1) every call takes a runtime from start/1, checked first |
| CY-1 | time advances by elapsed_ms | 0 | 2 | ApiContractTest, EndToEndTest, SchedulerTest | restart/2 starts the resource again, keeping the clock and the input image; due tasks and their order task-less instances run last, once in every cycl… |
| CY-2 | the input image persists between cycles | 0 | 2 | ApiContractTest, EndToEndTest, SchedulerTest | the input image keeps each input point's value between cycles: a host sends only what changed; restart/2 starts the resource again, keeping the clock … |
| CY-3 | a periodic task is due when its due time has come | 0 | 2 | ApiContractTest, EndToEndTest, RuntimeTest, SchedulerTest | due tasks and their order a higher priority, the lower number, runs before an earlier due time; missed periods are counted, not run again, and the pha… |
| CY-4a | due tasks by priority first | 0 | 2 | ApiContractTest, EndToEndTest, SchedulerTest | due tasks and their order a higher priority, the lower number, runs before an earlier due time; a resource refuses every host mistake with a documente… |
| CY-4b | then by the earlier due time | 0 | 2 | ApiContractTest, SchedulerTest | due tasks and their order of one priority, the earlier due time runs first, then the order declared; a resource refuses every host mistake with a docu… |
| CY-4c | then by declaration (mutant: reversed) | 0 | 2 | ApiContractTest, SchedulerTest | due tasks and their order of one priority, the earlier due time runs first, then the order declared; a resource refuses every host mistake with a docu… |
| CY-4d | then by declaration (mutant: by name) | 0 | 2 | ApiContractTest, SchedulerTest | due tasks and their order of one priority, the earlier due time runs first, then the order declared; a resource refuses every host mistake with a docu… |
| CY-5 | the phase is kept: next due moves by whole intervals | 0 | 2 | ApiContractTest, EndToEndTest, SchedulerTest | missed periods are counted, not run again, and the phase is kept; due tasks and their order a higher priority, the lower number, runs before an earlie… |
| CY-6a | a missed period is reported | 0 | 2 | ApiContractTest, EndToEndTest, SchedulerTest | missed periods a task with no instance keeps its time and its count, and runs nothing; missed periods a first cycle after the start reports the period… |
| CY-6b | a missed period is counted | 0 | 2 | ApiContractTest, EndToEndTest, SchedulerTest | missed periods are counted, not run again, and the phase is kept; restart/2 starts the resource again, keeping the clock and the input image |
| CY-7a | task-less instances run after every due task | 0 | 2 | ApiContractTest, EndToEndTest, SchedulerTest | the order of instances in the order declared past 32 instances; due tasks and their order task-less instances run last, once in every cycle, an elapse… |
| CY-7b | task-less instances run in every cycle | 0 | 2 | ApiContractTest, EndToEndTest, SchedulerTest | the order of instances in the order declared past 32 instances; due tasks and their order task-less instances run last, once in every cycle, an elapse… |
| CY-7c | a task's instances in declaration order (mutant: by name) | 0 | 2 | ApiContractTest, SchedulerTest | a resource refuses every host mistake with a documented ArgumentError, accepts every call without one, and runs as its rules say; the order of instanc… |
| CY-7d | a task's instances in declaration order (mutant: reversed) | 0 | 2 | ApiContractTest, SchedulerTest | the order of instances in the order declared past 32 instances; the order of instances a task's instances, and the task-less ones, run in the order de… |
| CY-7e | task-less instances in declaration order (mutant: by name) | 0 | 2 | ApiContractTest, SchedulerTest | the order of instances a task's instances, and the task-less ones, run in the order declared; the order of instances in the order declared past 32 ins… |
| CY-7f | task-less instances in declaration order (mutant: reversed) | 0 | 2 | ApiContractTest, SchedulerTest | the order of instances in the order declared past 32 instances; the order of instances a task's instances, and the task-less ones, run in the order de… |
| CY-8a | copy in: a constant | 0 | 2 | ApiContractTest, SchedulerTest | copy in and copy out a var_input tied to a constant reads it at every scan; a resource refuses every host mistake with a documented ArgumentError, acc… |
| CY-8b | copy in: a global's current value | 0 | 2 | ApiContractTest, EndToEndTest, RuntimeTest, SchedulerTest | start/1 builds each instance as instance/1 does: its first scan is a first scan; copy in and copy out an instance sees what an earlier one wrote in th… |
| CY-8c | copy out: a var_output to its global, at once | 0 | 2 | ApiContractTest, EndToEndTest, RuntimeTest, SchedulerTest | a resource's host contract (M2-1) get/2 reads a global, a tag or a public member, and refuses anything else; copy in and copy out a var_input tied to … |
| CY-9 | the outputs are the output points only | 0 | 2 | ApiContractTest, EndToEndTest, SchedulerTest | copy in and copy out a var_output drives every global it is connected to; an output point no connection drives stays 0; an unlocated global is never a… |
| EV-1 | a task-less scan is reported with :none | 0 | 2 | ApiContractTest, EndToEndTest, SchedulerTest | due tasks and their order task-less instances run last, once in every cycle, an elapsed 0 one included, where a periodic task runs once per period; th… |
| EV-2 | an overlap is reported just before its task's scans | 0 | 2 | ApiContractTest, EndToEndTest, SchedulerTest | missed periods a first cycle after the start reports the periods before it; missed periods are counted, not run again, and the phase is kept |
| IN-1a | only an input point is set: an output point or unlocated global refused | 0 | 2 | ApiContractTest, RuntimeTest | a resource's host contract (M2-1) only an input point is set, with a value that fits it, every problem in one raise, in key order; a resource refuses … |
| IN-1b | a path into an instance is refused as one | 0 | 2 | ApiContractTest, RuntimeTest | a resource's host contract (M2-1) only an input point is set, with a value that fits it, every problem in one raise, in key order; a resource refuses … |
| IN-1c | a key that is not a string is refused as one | 0 | 2 | ApiContractTest, RuntimeTest | a resource's host contract (M2-1) only an input point is set, with a value that fits it, every problem in one raise, in key order; a resource refuses … |
| IN-2 | an input point's value fits it | 0 | 2 | ApiContractTest, RuntimeTest | a resource's host contract (M2-1) only an input point is set, with a value that fits it, every problem in one raise, in key order; a resource refuses … |
| IN-3 | every input problem in one raise | 0 | 2 | RuntimeTest | a resource's host contract (M2-1) only an input point is set, with a value that fits it, every problem in one raise, in key order |
| NX-1a | next_due_in is :infinity with no task | 0 | 3 | ApiContractTest, SchedulerTest | a resource refuses every host mistake with a documented ArgumentError, accepts every call without one, and runs as its rules say; next_due_in/1 is :in… |
| NX-1b | next_due_in is the soonest task | 0 | 2 | ApiContractTest, SchedulerTest | next_due_in/1 is when a periodic task is next due, never a task-less instance; a resource refuses every host mistake with a documented ArgumentError, … |
| NX-2 | overlaps/1 reads each task's count | 0 | 2 | ApiContractTest, EndToEndTest, SchedulerTest | missed periods a task with no instance keeps its time and its count, and runs nothing; missed periods are counted, not run again, and the phase is kep… |
| GT-1 | get/2 never reads an internal member | 0 | 2 | ApiContractTest, RuntimeTest | a resource's host contract (M2-1) get/2 reads a global, a tag or a public member, and refuses anything else; a resource refuses every host mistake wit… |
| GT-2 | get/2 refuses an instance named whole | 0 | 2 | ApiContractTest, RuntimeTest | a resource's host contract (M2-1) get/2 reads a global, a tag or a public member, and refuses anything else; get/2 of an instance whole names one of i… |
| GT-3 | get/2 refuses a path past a bool or a dint | 0 | 2 | ApiContractTest, RuntimeTest | a resource's host contract (M2-1) get/2 reads a global, a tag or a public member, and refuses anything else; a resource refuses every host mistake wit… |
| GT-4a | a whole block's example is an output member first | 0 | 2 | RuntimeTest | a resource's host contract (M2-1) get/2 reads a global, a tag or a public member, and refuses anything else |
| GT-4b | else any public member, else none | 0 | 2 | RuntimeTest | a resource's host contract (M2-1), the rest get/2 names a block's member as its example: an output, else any, else none |
| GT-6 | an instance whole: one of its tags as the example, else none | 0 | 2 | RuntimeTest | get/2 of an instance whole names one of its tags, or says it declares none |
| GT-7 | a block with no public member says so when a member is not found | 0 | 2 | RuntimeTest | a resource's host contract (M2-1), the rest get/2 names a block's member as its example: an output, else any, else none |
| GT-5 | an access path lexes as one name token | 0 | 2 | RuntimeTest | a resource's host contract (M2-1) get/2 reads a global, a tag or a public member, and refuses anything else |
| RS-0 | restart/2 checks the runtime, then the mode | 0 | 2 | RuntimeTest | a resource's host contract (M2-1) every call takes a runtime from start/1, checked first |
| RS-1 | restart/2 zeroes every overlap count | 0 | 2 | ApiContractTest, SchedulerTest | restart/2 starts the resource again, keeping the clock and the input image; a resource refuses every host mistake with a documented ArgumentError, acc… |
| RS-2 | restart/2 makes every task due at the next cycle | 0 | 2 | ApiContractTest, SchedulerTest | restart/2 starts the resource again, keeping the clock and the input image; a resource refuses every host mistake with a documented ArgumentError, acc… |
| RS-3 | restart/2 keeps the input image | 0 | 2 | ApiContractTest, EndToEndTest, SchedulerTest | restart/2 starts the resource again, keeping the clock and the input image; a resource refuses every host mistake with a documented ArgumentError, acc… |
| RS-4 | restart/2 restarts each instance through restart/3 | 0 | 2 | ApiContractTest, EndToEndTest, SchedulerTest | restart/2 each instance's next scan is a first scan; restart/2 starts the resource again, keeping the clock and the input image |
| RS-5 | restart/2 puts every other global back at its initial value | 0 | 2 | ApiContractTest, SchedulerTest | restart/2 starts the resource again, keeping the clock and the input image; a resource refuses every host mistake with a documented ArgumentError, acc… |
| RS-6 | restart/2 keeps the clock | 0 | 2 | ApiContractTest, EndToEndTest, SchedulerTest | restart/2 each instance's next scan is a first scan; restart/2 starts the resource again, keeping the clock and the input image |
| PD-1 | a runtime is plain data | 0 | 2 | SchedulerTest | plain data a runtime holds nothing but plain data, at start, after cycles and a restart |
| GR-1 | a cycle is linear in the instances it runs (an event list rebuilt per scan) | 0 | 2 | SchedulerTest | growth a cycle stays linear in the instances it runs |
| GR-2 | a cycle is linear in the tasks due | 0 | 2 | SchedulerTest | growth a cycle stays linear in the number of instances, tasks and connections |
| GR-3 | check/1 (so new!/1 and start/1) is linear in the instances | 0 | 2 | ConfigurationTest, SchedulerTest | growth check/1 stays linear in the configuration's size; growth start/1 stays linear in the configuration's size |
| GR-4 | start/1 is linear in the instances (its own part) | 0 | 2 | SchedulerTest | growth start/1 stays linear in the configuration's size |
